2025-02-12T20:03:24.687-03:00  INFO 11540 --- [app-postergacoes] [main] b.c.g.c.a.AppPostergacoesApplication     : Starting AppPostergacoesApplication using Java 17.0.14 with PID 11540 (C:\Users\Marcos Andre\Desktop\SpringBoot\app-postergacoes\target\classes started by Marcos Andre in C:\Users\Marcos Andre\Desktop\SpringBoot\app-postergacoes)
2025-02-12T20:03:24.711-03:00 DEBUG 11540 --- [app-postergacoes] [main] b.c.g.c.a.AppPostergacoesApplication     : Running with Spring Boot v3.4.2, Spring v6.2.2
2025-02-12T20:03:24.711-03:00  INFO 11540 --- [app-postergacoes] [main] b.c.g.c.a.AppPostergacoesApplication     : The following 1 profile is active: "test"
2025-02-12T20:03:28.643-03:00  INFO 11540 --- [app-postergacoes] [main] .s.d.r.c.RepositoryConfigurationDelegate : Bootstrapping Spring Data JPA repositories in DEFAULT mode.
2025-02-12T20:03:28.832-03:00  INFO 11540 --- [app-postergacoes] [main] .s.d.r.c.RepositoryConfigurationDelegate : Finished Spring Data repository scanning in 162 ms. Found 4 JPA repository interfaces.
2025-02-12T20:03:31.369-03:00  INFO 11540 --- [app-postergacoes] [main] o.s.b.w.embedded.tomcat.TomcatWebServer  : Tomcat initialized with port 8080 (http)
2025-02-12T20:03:31.421-03:00  INFO 11540 --- [app-postergacoes] [main] o.apache.catalina.core.StandardService   : Starting service [Tomcat]
2025-02-12T20:03:31.430-03:00  INFO 11540 --- [app-postergacoes] [main] o.apache.catalina.core.StandardEngine    : Starting Servlet engine: [Apache Tomcat/10.1.34]
2025-02-12T20:03:31.736-03:00  INFO 11540 --- [app-postergacoes] [main] o.a.c.c.C.[Tomcat].[localhost].[/]       : Initializing Spring embedded WebApplicationContext
2025-02-12T20:03:31.736-03:00  INFO 11540 --- [app-postergacoes] [main] w.s.c.ServletWebServerApplicationContext : Root WebApplicationContext: initialization completed in 6865 ms
2025-02-12T20:03:32.881-03:00  INFO 11540 --- [app-postergacoes] [main] com.zaxxer.hikari.HikariDataSource       : HikariPool-1 - Starting...
2025-02-12T20:03:33.553-03:00  INFO 11540 --- [app-postergacoes] [main] com.zaxxer.hikari.pool.HikariPool        : HikariPool-1 - Added connection conn0: url=jdbc:h2:mem:testdb user=SA
2025-02-12T20:03:33.571-03:00  INFO 11540 --- [app-postergacoes] [main] com.zaxxer.hikari.HikariDataSource       : HikariPool-1 - Start completed.
2025-02-12T20:03:33.785-03:00  INFO 11540 --- [app-postergacoes] [main] o.hibernate.jpa.internal.util.LogHelper  : HHH000204: Processing PersistenceUnitInfo [name: default]
2025-02-12T20:03:33.984-03:00  INFO 11540 --- [app-postergacoes] [main] org.hibernate.Version                    : HHH000412: Hibernate ORM core version 6.6.5.Final
2025-02-12T20:03:34.157-03:00  INFO 11540 --- [app-postergacoes] [main] o.h.c.internal.RegionFactoryInitiator    : HHH000026: Second-level cache disabled
2025-02-12T20:03:35.352-03:00  INFO 11540 --- [app-postergacoes] [main] o.s.o.j.p.SpringPersistenceUnitInfo      : No LoadTimeWeaver setup: ignoring JPA class transformer
2025-02-12T20:03:35.756-03:00  INFO 11540 --- [app-postergacoes] [main] org.hibernate.orm.connections.pooling    : HHH10001005: Database info:
	Database JDBC URL [Connecting through datasource 'HikariDataSource (HikariPool-1)']
	Database driver: undefined/unknown
	Database version: 2.3.232
	Autocommit mode: undefined/unknown
	Isolation level: undefined/unknown
	Minimum pool size: undefined/unknown
	Maximum pool size: undefined/unknown
2025-02-12T20:03:40.232-03:00  INFO 11540 --- [app-postergacoes] [main] o.h.e.t.j.p.i.JtaPlatformInitiator       : HHH000489: No JTA platform available (set 'hibernate.transaction.jta.platform' to enable JTA platform integration)
2025-02-12T20:03:40.506-03:00  INFO 11540 --- [app-postergacoes] [main] j.LocalContainerEntityManagerFactoryBean : Initialized JPA EntityManagerFactory for persistence unit 'default'
2025-02-12T20:03:42.262-03:00  INFO 11540 --- [app-postergacoes] [main] o.s.d.j.r.query.QueryEnhancerFactory     : Hibernate is in classpath; If applicable, HQL parser will be used.
2025-02-12T20:03:44.581-03:00 DEBUG 11540 --- [app-postergacoes] [main] b.c.g.c.a.c.SecurityFilterAuthentication : Filter 'securityFilterAuthentication' configured for use
2025-02-12T20:03:44.855-03:00  INFO 11540 --- [app-postergacoes] [main] r$InitializeUserDetailsManagerConfigurer : Global AuthenticationManager configured with UserDetailsService bean with name customUserDetailsService
2025-02-12T20:03:50.556-03:00  INFO 11540 --- [app-postergacoes] [main] o.s.b.a.e.web.EndpointLinksResolver      : Exposing 15 endpoints beneath base path '/actuator'
2025-02-12T20:03:52.179-03:00  INFO 11540 --- [app-postergacoes] [main] o.s.b.a.h2.H2ConsoleAutoConfiguration    : H2 console available at '/h2-console'. Database available at 'jdbc:h2:mem:testdb'
2025-02-12T20:03:52.469-03:00  WARN 11540 --- [app-postergacoes] [main] ConfigServletWebServerApplicationContext : Exception encountered during context initialization - cancelling refresh attempt: org.springframework.context.ApplicationContextException: Failed to start bean 'webServerStartStop'
2025-02-12T20:03:52.477-03:00  INFO 11540 --- [app-postergacoes] [main] j.LocalContainerEntityManagerFactoryBean : Closing JPA EntityManagerFactory for persistence unit 'default'
2025-02-12T20:03:52.501-03:00  INFO 11540 --- [app-postergacoes] [main] com.zaxxer.hikari.HikariDataSource       : HikariPool-1 - Shutdown initiated...
2025-02-12T20:03:52.509-03:00  INFO 11540 --- [app-postergacoes] [main] com.zaxxer.hikari.HikariDataSource       : HikariPool-1 - Shutdown completed.
2025-02-12T20:03:52.569-03:00  INFO 11540 --- [app-postergacoes] [main] .s.b.a.l.ConditionEvaluationReportLogger : 

Error starting ApplicationContext. To display the condition evaluation report re-run your application with 'debug' enabled.
2025-02-12T20:03:52.625-03:00 ERROR 11540 --- [app-postergacoes] [main] o.s.b.d.LoggingFailureAnalysisReporter   : 

***************************
APPLICATION FAILED TO START
***************************

Description:

Web server failed to start. Port 8080 was already in use.

Action:

Identify and stop the process that's listening on port 8080 or configure this application to listen on another port.

2025-02-12T20:04:28.590-03:00  INFO 14700 --- [app-postergacoes] [main] b.c.g.c.a.AppPostergacoesApplication     : Starting AppPostergacoesApplication using Java 17.0.14 with PID 14700 (C:\Users\Marcos Andre\Desktop\SpringBoot\app-postergacoes\target\classes started by Marcos Andre in C:\Users\Marcos Andre\Desktop\SpringBoot\app-postergacoes)
2025-02-12T20:04:28.598-03:00 DEBUG 14700 --- [app-postergacoes] [main] b.c.g.c.a.AppPostergacoesApplication     : Running with Spring Boot v3.4.2, Spring v6.2.2
2025-02-12T20:04:28.606-03:00  INFO 14700 --- [app-postergacoes] [main] b.c.g.c.a.AppPostergacoesApplication     : The following 1 profile is active: "test"
2025-02-12T20:04:32.434-03:00  INFO 14700 --- [app-postergacoes] [main] .s.d.r.c.RepositoryConfigurationDelegate : Bootstrapping Spring Data JPA repositories in DEFAULT mode.
2025-02-12T20:04:32.717-03:00  INFO 14700 --- [app-postergacoes] [main] .s.d.r.c.RepositoryConfigurationDelegate : Finished Spring Data repository scanning in 251 ms. Found 4 JPA repository interfaces.
2025-02-12T20:04:35.472-03:00  INFO 14700 --- [app-postergacoes] [main] o.s.b.w.embedded.tomcat.TomcatWebServer  : Tomcat initialized with port 8080 (http)
2025-02-12T20:04:35.537-03:00  INFO 14700 --- [app-postergacoes] [main] o.apache.catalina.core.StandardService   : Starting service [Tomcat]
2025-02-12T20:04:35.537-03:00  INFO 14700 --- [app-postergacoes] [main] o.apache.catalina.core.StandardEngine    : Starting Servlet engine: [Apache Tomcat/10.1.34]
2025-02-12T20:04:35.753-03:00  INFO 14700 --- [app-postergacoes] [main] o.a.c.c.C.[Tomcat].[localhost].[/]       : Initializing Spring embedded WebApplicationContext
2025-02-12T20:04:35.761-03:00  INFO 14700 --- [app-postergacoes] [main] w.s.c.ServletWebServerApplicationContext : Root WebApplicationContext: initialization completed in 7004 ms
2025-02-12T20:04:36.527-03:00  INFO 14700 --- [app-postergacoes] [main] com.zaxxer.hikari.HikariDataSource       : HikariPool-1 - Starting...
2025-02-12T20:04:37.080-03:00  INFO 14700 --- [app-postergacoes] [main] com.zaxxer.hikari.pool.HikariPool        : HikariPool-1 - Added connection conn0: url=jdbc:h2:mem:testdb user=SA
2025-02-12T20:04:37.089-03:00  INFO 14700 --- [app-postergacoes] [main] com.zaxxer.hikari.HikariDataSource       : HikariPool-1 - Start completed.
2025-02-12T20:04:37.268-03:00  INFO 14700 --- [app-postergacoes] [main] o.hibernate.jpa.internal.util.LogHelper  : HHH000204: Processing PersistenceUnitInfo [name: default]
2025-02-12T20:04:37.483-03:00  INFO 14700 --- [app-postergacoes] [main] org.hibernate.Version                    : HHH000412: Hibernate ORM core version 6.6.5.Final
2025-02-12T20:04:37.613-03:00  INFO 14700 --- [app-postergacoes] [main] o.h.c.internal.RegionFactoryInitiator    : HHH000026: Second-level cache disabled
2025-02-12T20:04:38.537-03:00  INFO 14700 --- [app-postergacoes] [main] o.s.o.j.p.SpringPersistenceUnitInfo      : No LoadTimeWeaver setup: ignoring JPA class transformer
2025-02-12T20:04:38.795-03:00  INFO 14700 --- [app-postergacoes] [main] org.hibernate.orm.connections.pooling    : HHH10001005: Database info:
	Database JDBC URL [Connecting through datasource 'HikariDataSource (HikariPool-1)']
	Database driver: undefined/unknown
	Database version: 2.3.232
	Autocommit mode: undefined/unknown
	Isolation level: undefined/unknown
	Minimum pool size: undefined/unknown
	Maximum pool size: undefined/unknown
2025-02-12T20:04:42.165-03:00  INFO 14700 --- [app-postergacoes] [main] o.h.e.t.j.p.i.JtaPlatformInitiator       : HHH000489: No JTA platform available (set 'hibernate.transaction.jta.platform' to enable JTA platform integration)
2025-02-12T20:04:42.282-03:00  INFO 14700 --- [app-postergacoes] [main] j.LocalContainerEntityManagerFactoryBean : Initialized JPA EntityManagerFactory for persistence unit 'default'
2025-02-12T20:04:43.180-03:00  INFO 14700 --- [app-postergacoes] [main] o.s.d.j.r.query.QueryEnhancerFactory     : Hibernate is in classpath; If applicable, HQL parser will be used.
2025-02-12T20:04:44.699-03:00 DEBUG 14700 --- [app-postergacoes] [main] b.c.g.c.a.c.SecurityFilterAuthentication : Filter 'securityFilterAuthentication' configured for use
2025-02-12T20:04:44.870-03:00  INFO 14700 --- [app-postergacoes] [main] r$InitializeUserDetailsManagerConfigurer : Global AuthenticationManager configured with UserDetailsService bean with name customUserDetailsService
2025-02-12T20:04:48.109-03:00  INFO 14700 --- [app-postergacoes] [main] o.s.b.a.e.web.EndpointLinksResolver      : Exposing 15 endpoints beneath base path '/actuator'
2025-02-12T20:04:49.650-03:00  INFO 14700 --- [app-postergacoes] [main] o.s.b.a.h2.H2ConsoleAutoConfiguration    : H2 console available at '/h2-console'. Database available at 'jdbc:h2:mem:testdb'
2025-02-12T20:04:50.004-03:00  INFO 14700 --- [app-postergacoes] [main] o.s.b.w.embedded.tomcat.TomcatWebServer  : Tomcat started on port 8080 (http) with context path '/'
2025-02-12T20:04:50.036-03:00  INFO 14700 --- [app-postergacoes] [main] b.c.g.c.a.AppPostergacoesApplication     : Started AppPostergacoesApplication in 22.457 seconds (process running for 23.146)
2025-02-12T20:04:55.283-03:00  INFO 14700 --- [app-postergacoes] [http-nio-8080-exec-2] o.a.c.c.C.[Tomcat].[localhost].[/]       : Initializing Spring DispatcherServlet 'dispatcherServlet'
2025-02-12T20:04:55.283-03:00  INFO 14700 --- [app-postergacoes] [http-nio-8080-exec-2] o.s.web.servlet.DispatcherServlet        : Initializing Servlet 'dispatcherServlet'
2025-02-12T20:04:55.292-03:00  INFO 14700 --- [app-postergacoes] [http-nio-8080-exec-2] o.s.web.servlet.DispatcherServlet        : Completed initialization in 9 ms
2025-02-12T20:04:55.475-03:00  INFO 14700 --- [app-postergacoes] [http-nio-8080-exec-2] b.c.g.c.a.controllers.AuthController     : Requisição recebida: Método=POST | Endpoint=/auth | Usuário=mar***
2025-02-12T20:04:56.080-03:00  INFO 14700 --- [app-postergacoes] [http-nio-8080-exec-2] b.c.g.c.a.controllers.AuthController     : Usuário mar*** autenticado com sucesso.
2025-02-12T20:07:41.998-03:00  INFO 14700 --- [app-postergacoes] [SpringApplicationShutdownHook] o.s.b.w.e.tomcat.GracefulShutdown        : Commencing graceful shutdown. Waiting for active requests to complete
2025-02-12T20:07:42.194-03:00  INFO 14700 --- [app-postergacoes] [tomcat-shutdown] o.s.b.w.e.tomcat.GracefulShutdown        : Graceful shutdown complete
2025-02-12T20:07:42.202-03:00  INFO 14700 --- [app-postergacoes] [SpringApplicationShutdownHook] j.LocalContainerEntityManagerFactoryBean : Closing JPA EntityManagerFactory for persistence unit 'default'
2025-02-12T20:07:42.227-03:00  INFO 14700 --- [app-postergacoes] [SpringApplicationShutdownHook] com.zaxxer.hikari.HikariDataSource       : HikariPool-1 - Shutdown initiated...
2025-02-12T20:07:42.235-03:00  INFO 14700 --- [app-postergacoes] [SpringApplicationShutdownHook] com.zaxxer.hikari.HikariDataSource       : HikariPool-1 - Shutdown completed.
